  ▲ Next.js 14.2.3

   Creating an optimized production build ...
Warning: Your PostCSS configuration defines a field which is not supported (`__esModule`). Please remove this configuration value.
Failed to compile.

app\layout.tsx
An error occurred in `next/font`.

Error: Your custom PostCSS configuration must export a `plugins` key.
    at getPostCssPlugins (C:\Users\HP\OneDrive\Desktop\portfolio\node_modules\next\dist\build\webpack\config\blocks\css\plugins.js:106:15)
    at async C:\Users\HP\OneDrive\Desktop\portfolio\node_modules\next\dist\build\webpack\config\blocks\css\index.js:124:36
    at async C:\Users\HP\OneDrive\Desktop\portfolio\node_modules\next\dist\build\webpack\loaders\next-font-loader\index.js:86:33
    at async Span.traceAsyncFn (C:\Users\HP\OneDrive\Desktop\portfolio\node_modules\next\dist\trace\trace.js:154:20)


> Build failed because of webpack errors
